python : Traceback (most recent call last):
At line:1 char:1
+ python test_api_response.py > test_output.txt 2>&1 ; cat test_output. ...
+ ~~~~~~~~~~~~~~~~~~~~~~~~~~~~~~~~~~~~~~~~~~~~~~~~~~
    + CategoryInfo          : NotSpecified: (Traceback (most recent call last) 
   ::String) [], RemoteException
    + FullyQualifiedErrorId : NativeCommandError
 
  File "C:\Users\Abdallah Peerally\Desktop\his geo\history-of-mauritius-game 
v07012026\test_api_response.py", line 16, in <module>
    print("\U0001f50d SIMULATING API RESPONSE FOR QUESTION 142...")
  File "C:\Users\Abdallah 
Peerally\AppData\Local\Programs\Python\Python310\lib\encodings\cp1252.py", 
line 19, in encode
    return codecs.charmap_encode(input,self.errors,encoding_table)[0]
UnicodeEncodeError: 'charmap' codec can't encode character '\U0001f50d' in 
position 0: character maps to <undefined>

During handling of the above exception, another exception occurred:

Traceback (most recent call last):
  File "C:\Users\Abdallah Peerally\Desktop\his geo\history-of-mauritius-game 
v07012026\test_api_response.py", line 87, in <module>
    print(f"\u274c Error: {e}")
  File "C:\Users\Abdallah 
Peerally\AppData\Local\Programs\Python\Python310\lib\encodings\cp1252.py", 
line 19, in encode
    return codecs.charmap_encode(input,self.errors,encoding_table)[0]
UnicodeEncodeError: 'charmap' codec can't encode character '\u274c' in 
position 0: character maps to <undefined>
